{
  "Data": {
    "User": "\"You\""
  },
  "Type": "error",
  "error": {
    "Inner": {
      "Data": {
        "Data": {
          "Blah": "Blah"
        }
      }
    }
  }
}